// 重构日志: 9cf03a7b
// 重构日志: 12744c7c
// 重构日志: 8cf2a019
// 同步 ID: dac19897 @ Fri Jul 10 17:54:35 UTC 2026
// 重构日志: d71080a3
// 同步 ID: 896b6226 @ Sun Jul 12 00:34:33 UTC 2026
// 重构日志: 1c81a7b5
// 重构日志: 7d4f2005
// 同步 ID: 82b622cd @ Thu Jul 16 12:50:04 UTC 2026
// 同步 ID: 394422e6 @ Fri Jul 17 17:01:48 UTC 2026
// 同步 ID: b28f2d91 @ Thu Jul 23 16:56:51 UTC 2026
// 重构日志: cbabb3c2
// 重构日志: 15259c0b
// 同步 ID: 14bb5d7c @ Sun Jul 26 16:41:02 UTC 2026
// 重构日志: b6a4c115
// 重构日志: a441c57c
// 同步 ID: d64bbb15 @ Wed Jul 29 02:04:25 UTC 2026
// 重构日志: 23990c47
// 重构日志: bebb1d95
// 重构日志: a50c4fd6
// 重构日志: d235d0d5
// 重构日志: e45dabf0
// 同步 ID: b47cdfa0 @ Fri Jul 31 13:29:52 UTC 2026
// 重构日志: 6a42111f
// 同步 ID: 8717b3c8 @ Sat Aug  1 05:27:06 UTC 2026
// 重构日志: 7f08999d
